nohup: ignoring input
Running from: /home/rohith/DevOps/Git/Jenkins-Demo/jenkins.war
webroot: /home/rohith/.jenkins/war
2026-09-25 10:21:48.705+0000 [id=1]	INFO	winstone.Logger#logInternal: Beginning extraction from war file
2026-09-25 10:21:49.076+0000 [id=1]	WARNING	o.e.j.ee9.nested.ContextHandler#setContextPath: Empty contextPath
2026-09-25 10:21:49.107+0000 [id=1]	INFO	org.eclipse.jetty.server.Server#doStart: jetty-12.1.13; built: 2026-09-04T06:53:08.311Z; git: e99386749a0a4888cd9b555ffc96a476fd48d94e; jvm 21.0.12.1+1-1-24.04.4-Ubuntu
2026-09-25 10:21:49.308+0000 [id=1]	INFO	o.e.j.e.w.StandardDescriptorProcessor#visitServlet: NO JSP Support for /, did not find org.eclipse.jetty.ee9.jsp.JettyJspServlet
2026-09-25 10:21:49.326+0000 [id=1]	INFO	o.e.j.s.DefaultSessionIdManager#doStart: Session workerName=node0
2026-09-25 10:21:49.566+0000 [id=1]	INFO	hudson.WebAppMain#contextInitialized: Jenkins home directory: /home/rohith/.jenkins found at: $user.home/.jenkins
2026-09-25 10:21:49.714+0000 [id=1]	INFO	o.e.j.s.handler.ContextHandler#doStart: Started oeje9n.ContextHandler$CoreContextHandler@38eb2c50{Jenkins v2.583,/,b=file:///home/rohith/.jenkins/war/,a=AVAILABLE,h=oeje9n.ContextHandler$CoreContextHandler$CoreToNestedHandler@8bffb8b{STARTED}}
2026-09-25 10:21:49.720+0000 [id=1]	INFO	o.e.j.server.AbstractConnector#doStart: Started oejs.ServerConnector@363f0ba0{HTTP/1.1, (http/1.1)}{0.0.0.0:8080}
2026-09-25 10:21:49.720+0000 [id=1]	INFO	org.eclipse.jetty.server.Server#doStart: Started oejs.Server@35fb22a9{STARTING}[12.1.13,sto=0] @614ms
2026-09-25 10:21:49.722+0000 [id=31]	INFO	winstone.Logger#logInternal: Winstone Servlet Engine running: controlPort=disabled
2026-09-25 10:21:49.793+0000 [id=30]	INFO	jenkins.model.Jenkins#<init>: Starting version 2.583
2026-09-25 10:21:49.840+0000 [id=40]	INFO	jenkins.InitReactorRunner$1#onAttained: Started initialization
2026-09-25 10:21:49.844+0000 [id=38]	INFO	jenkins.InitReactorRunner$1#onAttained: Listed all plugins
2026-09-25 10:21:50.201+0000 [id=40]	INFO	jenkins.InitReactorRunner$1#onAttained: Prepared all plugins
2026-09-25 10:21:50.202+0000 [id=37]	INFO	jenkins.InitReactorRunner$1#onAttained: Started all plugins
2026-09-25 10:21:50.204+0000 [id=38]	INFO	jenkins.InitReactorRunner$1#onAttained: Augmented all extensions
2026-09-25 10:21:50.307+0000 [id=37]	INFO	jenkins.InitReactorRunner$1#onAttained: System config loaded
2026-09-25 10:21:50.307+0000 [id=37]	INFO	jenkins.InitReactorRunner$1#onAttained: System config adapted
2026-09-25 10:21:50.307+0000 [id=37]	INFO	jenkins.InitReactorRunner$1#onAttained: Loaded all jobs
2026-09-25 10:21:50.308+0000 [id=37]	INFO	jenkins.InitReactorRunner$1#onAttained: Configuration for all jobs updated
2026-09-25 10:21:50.326+0000 [id=54]	INFO	hudson.util.Retrier#start: Attempt #1 to do the action check updates server
2026-09-25 10:21:50.602+0000 [id=39]	INFO	jenkins.install.SetupWizard#init: 
[LF]> 
[LF]> *************************************************************
[LF]> *************************************************************
[LF]> *************************************************************
[LF]> 
[LF]> Jenkins initial setup is required. An admin user has been created and a password generated.
[LF]> Please use the following password to proceed to installation:
[LF]> 
[LF]> 1fdec619291a4d05ab3b6932cf4f60ed
[LF]> 
[LF]> This may also be found at: /home/rohith/.jenkins/secrets/initialAdminPassword
[LF]> 
[LF]> *************************************************************
[LF]> *************************************************************
[LF]> *************************************************************

2026-09-25 10:21:57.642+0000 [id=39]	INFO	jenkins.InitReactorRunner$1#onAttained: Completed initialization
2026-09-25 10:21:57.658+0000 [id=30]	INFO	hudson.lifecycle.Lifecycle#onReady: Jenkins is fully up and running
2026-09-25 10:22:00.977+0000 [id=54]	INFO	h.m.DownloadService$Downloadable#load: Obtained the updated data file for hudson.tasks.Maven.MavenInstaller
2026-09-25 10:22:00.977+0000 [id=54]	INFO	hudson.util.Retrier#start: Performed the action check updates server successfully at the attempt #1
2026-09-25 10:23:55.383+0000 [id=26]	INFO	hudson.PluginManager#install: Starting installation of a batch of 19 plugins plus their dependencies
2026-09-25 10:23:55.385+0000 [id=26]	INFO	hudson.model.UpdateSite$Plugin#deploy: Adding dependent install of ionicons-api for plugin cloudbees-folder
2026-09-25 10:23:55.385+0000 [id=26]	INFO	hudson.model.UpdateSite$Plugin#deploy: Adding dependent install of commons-lang3-api for plugin ionicons-api
2026-09-25 10:23:55.387+0000 [id=26]	INFO	hudson.model.UpdateSite$Plugin#deploy: Adding dependent install of json-path-api for plugin build-timeout
2026-09-25 10:23:55.387+0000 [id=26]	INFO	hudson.model.UpdateSite$Plugin#deploy: Adding dependent install of asm-api for plugin json-path-api
2026-09-25 10:23:55.388+0000 [id=26]	INFO	hudson.model.UpdateSite$Plugin#deploy: Adding dependent install of token-macro for plugin build-timeout
2026-09-25 10:23:55.388+0000 [id=85]	INFO	h.model.UpdateCenter$DownloadJob#run: Starting the installation of commons-lang3-api on behalf of admin
2026-09-25 10:23:55.391+0000 [id=26]	INFO	hudson.model.UpdateSite$Plugin#deploy: Adding dependent install of workflow-step-api for plugin token-macro
2026-09-25 10:23:55.391+0000 [id=26]	INFO	hudson.model.UpdateSite$Plugin#deploy: Adding dependent install of structs for plugin workflow-step-api
2026-09-25 10:23:55.391+0000 [id=26]	INFO	hudson.model.UpdateSite$Plugin#deploy: Adding dependent install of commons-text-api for plugin token-macro
2026-09-25 10:23:55.392+0000 [id=26]	INFO	hudson.model.UpdateSite$Plugin#deploy: Adding dependent install of plain-credentials for plugin credentials-binding
2026-09-25 10:23:55.392+0000 [id=26]	INFO	hudson.model.UpdateSite$Plugin#deploy: Adding dependent install of credentials for plugin plain-credentials
2026-09-25 10:23:55.392+0000 [id=26]	INFO	hudson.model.UpdateSite$Plugin#deploy: Adding dependent install of bouncycastle-api for plugin credentials
2026-09-25 10:23:55.392+0000 [id=85]	INFO	h.m.UpdateCenter$UpdateCenterConfiguration#download: Downloading commons-lang3-api
2026-09-25 10:23:55.393+0000 [id=26]	INFO	hudson.model.UpdateSite$Plugin#deploy: Adding dependent install of ssh-credentials for plugin credentials-binding
2026-09-25 10:23:55.394+0000 [id=26]	INFO	hudson.model.UpdateSite$Plugin#deploy: Adding dependent install of variant for plugin ssh-credentials
2026-09-25 10:23:55.394+0000 [id=26]	INFO	hudson.model.UpdateSite$Plugin#deploy: Adding dependent install of workflow-api for plugin timestamper
2026-09-25 10:23:55.394+0000 [id=26]	INFO	hudson.model.UpdateSite$Plugin#deploy: Adding dependent install of scm-api for plugin workflow-api
2026-09-25 10:23:55.394+0000 [id=26]	INFO	hudson.model.UpdateSite$Plugin#deploy: Adding dependent install of matrix-project for plugin ws-cleanup
2026-09-25 10:23:55.394+0000 [id=26]	INFO	hudson.model.UpdateSite$Plugin#deploy: Adding dependent install of script-security for plugin matrix-project
2026-09-25 10:23:55.394+0000 [id=26]	INFO	hudson.model.UpdateSite$Plugin#deploy: Adding dependent install of caffeine-api for plugin script-security
2026-09-25 10:23:55.397+0000 [id=26]	INFO	hudson.model.UpdateSite$Plugin#deploy: Adding dependent install of junit for plugin matrix-project
2026-09-25 10:23:55.397+0000 [id=26]	INFO	hudson.model.UpdateSite$Plugin#deploy: Adding dependent install of bootstrap5-api for plugin junit
2026-09-25 10:23:55.398+0000 [id=26]	INFO	hudson.model.UpdateSite$Plugin#deploy: Adding dependent install of font-awesome-api for plugin bootstrap5-api
2026-09-25 10:23:55.398+0000 [id=26]	INFO	hudson.model.UpdateSite$Plugin#deploy: Adding dependent install of plugin-util-api for plugin font-awesome-api
2026-09-25 10:23:55.398+0000 [id=26]	INFO	hudson.model.UpdateSite$Plugin#deploy: Adding dependent install of workflow-support for plugin plugin-util-api
2026-09-25 10:23:55.398+0000 [id=26]	INFO	hudson.model.UpdateSite$Plugin#deploy: Adding dependent install of echarts-api for plugin junit
2026-09-25 10:23:55.399+0000 [id=26]	INFO	hudson.model.UpdateSite$Plugin#deploy: Adding dependent install of jackson3-api for plugin echarts-api
2026-09-25 10:23:55.399+0000 [id=26]	INFO	hudson.model.UpdateSite$Plugin#deploy: Adding dependent install of jackson-annotations2-api for plugin jackson3-api
2026-09-25 10:23:55.399+0000 [id=26]	INFO	hudson.model.UpdateSite$Plugin#deploy: Adding dependent install of snakeyaml-engine-api for plugin jackson3-api
2026-09-25 10:23:55.399+0000 [id=26]	INFO	hudson.model.UpdateSite$Plugin#deploy: Adding dependent install of woodstox-core-api for plugin jackson3-api
2026-09-25 10:23:55.399+0000 [id=26]	INFO	hudson.model.UpdateSite$Plugin#deploy: Adding dependent install of jquery3-api for plugin echarts-api
2026-09-25 10:23:55.399+0000 [id=26]	INFO	hudson.model.UpdateSite$Plugin#deploy: Adding dependent install of prism-api for plugin junit
2026-09-25 10:23:55.399+0000 [id=26]	INFO	hudson.model.UpdateSite$Plugin#deploy: Adding dependent install of display-url-api for plugin junit
2026-09-25 10:23:55.399+0000 [id=26]	INFO	hudson.model.UpdateSite$Plugin#deploy: Adding dependent install of checks-api for plugin junit
2026-09-25 10:23:55.400+0000 [id=26]	INFO	hudson.model.UpdateSite$Plugin#deploy: Adding dependent install of resource-disposer for plugin ws-cleanup
2026-09-25 10:23:55.400+0000 [id=26]	INFO	hudson.model.UpdateSite$Plugin#deploy: Adding dependent install of okhttp-api for plugin gradle
2026-09-25 10:23:55.400+0000 [id=26]	INFO	hudson.model.UpdateSite$Plugin#deploy: Adding dependent install of jackson2-api for plugin gradle
2026-09-25 10:23:55.400+0000 [id=26]	INFO	hudson.model.UpdateSite$Plugin#deploy: Adding dependent install of jaxb for plugin jackson2-api
2026-09-25 10:23:55.401+0000 [id=26]	INFO	hudson.model.UpdateSite$Plugin#deploy: Adding dependent install of javax-activation-api for plugin jaxb
2026-09-25 10:23:55.401+0000 [id=26]	INFO	hudson.model.UpdateSite$Plugin#deploy: Adding dependent install of json-api for plugin jackson2-api
2026-09-25 10:23:55.401+0000 [id=26]	INFO	hudson.model.UpdateSite$Plugin#deploy: Adding dependent install of jakarta-activation-api for plugin jackson2-api
2026-09-25 10:23:55.401+0000 [id=26]	INFO	hudson.model.UpdateSite$Plugin#deploy: Adding dependent install of snakeyaml-api for plugin jackson2-api
2026-09-25 10:23:55.401+0000 [id=26]	INFO	hudson.model.UpdateSite$Plugin#deploy: Adding dependent install of jakarta-xml-bind-api for plugin jackson2-api
2026-09-25 10:23:55.401+0000 [id=26]	INFO	hudson.model.UpdateSite$Plugin#deploy: Adding dependent install of apache-httpcomponents-client-4-api for plugin gradle
2026-09-25 10:23:55.401+0000 [id=26]	INFO	hudson.model.UpdateSite$Plugin#deploy: Adding dependent install of workflow-job for plugin gradle
2026-09-25 10:23:55.402+0000 [id=26]	INFO	hudson.model.UpdateSite$Plugin#deploy: Adding dependent install of pipeline-milestone-step for plugin workflow-aggregator
2026-09-25 10:23:55.402+0000 [id=26]	INFO	hudson.model.UpdateSite$Plugin#deploy: Adding dependent install of workflow-durable-task-step for plugin workflow-aggregator
2026-09-25 10:23:55.402+0000 [id=26]	INFO	hudson.model.UpdateSite$Plugin#deploy: Adding dependent install of durable-task for plugin workflow-durable-task-step
2026-09-25 10:23:55.402+0000 [id=26]	INFO	hudson.model.UpdateSite$Plugin#deploy: Adding dependent install of pipeline-build-step for plugin workflow-aggregator
2026-09-25 10:23:55.402+0000 [id=26]	INFO	hudson.model.UpdateSite$Plugin#deploy: Adding dependent install of pipeline-groovy-lib for plugin workflow-aggregator
2026-09-25 10:23:55.402+0000 [id=26]	INFO	hudson.model.UpdateSite$Plugin#deploy: Adding dependent install of workflow-scm-step for plugin pipeline-groovy-lib
2026-09-25 10:23:55.403+0000 [id=26]	INFO	hudson.model.UpdateSite$Plugin#deploy: Adding dependent install of workflow-cps for plugin pipeline-groovy-lib
2026-09-25 10:23:55.403+0000 [id=26]	INFO	hudson.model.UpdateSite$Plugin#deploy: Adding dependent install of pipeline-model-definition for plugin workflow-aggregator
2026-09-25 10:23:55.403+0000 [id=26]	INFO	hudson.model.UpdateSite$Plugin#deploy: Adding dependent install of pipeline-model-extensions for plugin pipeline-model-definition
2026-09-25 10:23:55.404+0000 [id=26]	INFO	hudson.model.UpdateSite$Plugin#deploy: Adding dependent install of pipeline-model-api for plugin pipeline-model-extensions
2026-09-25 10:23:55.404+0000 [id=26]	INFO	hudson.model.UpdateSite$Plugin#deploy: Adding dependent install of joda-time-api for plugin pipeline-model-api
2026-09-25 10:23:55.404+0000 [id=26]	INFO	hudson.model.UpdateSite$Plugin#deploy: Adding dependent install of pipeline-stage-step for plugin pipeline-model-extensions
2026-09-25 10:23:55.404+0000 [id=26]	INFO	hudson.model.UpdateSite$Plugin#deploy: Adding dependent install of mailer for plugin pipeline-model-definition
2026-09-25 10:23:55.404+0000 [id=26]	INFO	hudson.model.UpdateSite$Plugin#deploy: Adding dependent install of jakarta-mail-api for plugin mailer
2026-09-25 10:23:55.404+0000 [id=26]	INFO	hudson.model.UpdateSite$Plugin#deploy: Adding dependent install of instance-identity for plugin mailer
2026-09-25 10:23:55.405+0000 [id=26]	INFO	hudson.model.UpdateSite$Plugin#deploy: Adding dependent install of workflow-multibranch for plugin pipeline-model-definition
2026-09-25 10:23:55.405+0000 [id=26]	INFO	hudson.model.UpdateSite$Plugin#deploy: Adding dependent install of branch-api for plugin workflow-multibranch
2026-09-25 10:23:55.405+0000 [id=26]	INFO	hudson.model.UpdateSite$Plugin#deploy: Adding dependent install of pipeline-stage-tags-metadata for plugin pipeline-model-definition
2026-09-25 10:23:55.405+0000 [id=26]	INFO	hudson.model.UpdateSite$Plugin#deploy: Adding dependent install of pipeline-input-step for plugin pipeline-model-definition
2026-09-25 10:23:55.406+0000 [id=26]	INFO	hudson.model.UpdateSite$Plugin#deploy: Adding dependent install of workflow-basic-steps for plugin pipeline-model-definition
2026-09-25 10:23:55.406+0000 [id=26]	INFO	hudson.model.UpdateSite$Plugin#deploy: Adding dependent install of jjwt-api for plugin github-branch-source
2026-09-25 10:23:55.406+0000 [id=26]	INFO	hudson.model.UpdateSite$Plugin#deploy: Adding dependent install of github-api for plugin github-branch-source
2026-09-25 10:23:55.407+0000 [id=26]	INFO	hudson.model.UpdateSite$Plugin#deploy: Adding dependent install of github for plugin github-branch-source
2026-09-25 10:23:55.407+0000 [id=26]	INFO	hudson.model.UpdateSite$Plugin#deploy: Adding dependent install of git for plugin github
2026-09-25 10:23:55.407+0000 [id=26]	INFO	hudson.model.UpdateSite$Plugin#deploy: Adding dependent install of git-client for plugin git
2026-09-25 10:23:55.408+0000 [id=26]	INFO	hudson.model.UpdateSite$Plugin#deploy: Adding dependent install of mina-sshd-api-core for plugin git-client
2026-09-25 10:23:55.408+0000 [id=26]	INFO	hudson.model.UpdateSite$Plugin#deploy: Adding dependent install of mina-sshd-api-common for plugin mina-sshd-api-core
2026-09-25 10:23:55.408+0000 [id=26]	INFO	hudson.model.UpdateSite$Plugin#deploy: Adding dependent install of gson-api for plugin git-client
2026-09-25 10:23:55.409+0000 [id=26]	INFO	hudson.model.UpdateSite$Plugin#deploy: Adding dependent install of trilead-api for plugin ssh-slaves
2026-09-25 10:23:55.409+0000 [id=26]	INFO	hudson.model.UpdateSite$Plugin#deploy: Adding dependent install of eddsa-api for plugin trilead-api
2026-09-25 10:23:55.410+0000 [id=26]	INFO	hudson.model.UpdateSite$Plugin#deploy: Adding dependent install of jsoup for plugin email-ext
2026-09-25 10:23:55.410+0000 [id=26]	INFO	hudson.model.UpdateSite$Plugin#deploy: Adding dependent install of theme-manager for plugin dark-theme
2026-09-25 10:24:00.859+0000 [id=85]	INFO	h.model.UpdateCenter$DownloadJob#run: Installation successful: commons-lang3-api
2026-09-25 10:24:00.859+0000 [id=85]	INFO	h.model.UpdateCenter$DownloadJob#run: Starting the installation of ionicons-api on behalf of admin
2026-09-25 10:24:00.860+0000 [id=85]	INFO	h.m.UpdateCenter$UpdateCenterConfiguration#download: Downloading ionicons-api
2026-09-25 10:24:04.631+0000 [id=85]	INFO	h.model.UpdateCenter$DownloadJob#run: Installation successful: ionicons-api
2026-09-25 10:24:04.632+0000 [id=85]	INFO	h.model.UpdateCenter$DownloadJob#run: Starting the installation of cloudbees-folder on behalf of admin
2026-09-25 10:24:04.632+0000 [id=85]	INFO	h.m.UpdateCenter$UpdateCenterConfiguration#download: Downloading cloudbees-folder
2026-09-25 10:24:07.592+0000 [id=85]	INFO	h.model.UpdateCenter$DownloadJob#run: Installation successful: cloudbees-folder
2026-09-25 10:24:07.595+0000 [id=85]	INFO	h.model.UpdateCenter$DownloadJob#run: Starting the installation of antisamy-markup-formatter on behalf of admin
2026-09-25 10:24:07.595+0000 [id=85]	INFO	h.m.UpdateCenter$UpdateCenterConfiguration#download: Downloading antisamy-markup-formatter
2026-09-25 10:24:11.242+0000 [id=85]	INFO	h.model.UpdateCenter$DownloadJob#run: Installation successful: antisamy-markup-formatter
2026-09-25 10:24:11.242+0000 [id=85]	INFO	h.model.UpdateCenter$DownloadJob#run: Starting the installation of asm-api on behalf of admin
2026-09-25 10:24:11.243+0000 [id=85]	INFO	h.m.UpdateCenter$UpdateCenterConfiguration#download: Downloading asm-api
2026-09-25 10:24:14.378+0000 [id=85]	INFO	h.model.UpdateCenter$DownloadJob#run: Installation successful: asm-api
2026-09-25 10:24:14.379+0000 [id=85]	INFO	h.model.UpdateCenter$DownloadJob#run: Starting the installation of json-path-api on behalf of admin
2026-09-25 10:24:14.379+0000 [id=85]	INFO	h.m.UpdateCenter$UpdateCenterConfiguration#download: Downloading json-path-api
2026-09-25 10:24:17.762+0000 [id=85]	INFO	h.model.UpdateCenter$DownloadJob#run: Installation successful: json-path-api
2026-09-25 10:24:17.764+0000 [id=85]	INFO	h.model.UpdateCenter$DownloadJob#run: Starting the installation of structs on behalf of admin
2026-09-25 10:24:17.765+0000 [id=85]	INFO	h.m.UpdateCenter$UpdateCenterConfiguration#download: Downloading structs
2026-09-25 10:24:20.474+0000 [id=85]	INFO	h.model.UpdateCenter$DownloadJob#run: Installation successful: structs
2026-09-25 10:24:20.474+0000 [id=85]	INFO	h.model.UpdateCenter$DownloadJob#run: Starting the installation of workflow-step-api on behalf of admin
2026-09-25 10:24:20.474+0000 [id=85]	INFO	h.m.UpdateCenter$UpdateCenterConfiguration#download: Downloading workflow-step-api
2026-09-25 10:24:23.121+0000 [id=85]	INFO	h.model.UpdateCenter$DownloadJob#run: Installation successful: workflow-step-api
2026-09-25 10:24:23.121+0000 [id=85]	INFO	h.model.UpdateCenter$DownloadJob#run: Starting the installation of commons-text-api on behalf of admin
2026-09-25 10:24:23.121+0000 [id=85]	INFO	h.m.UpdateCenter$UpdateCenterConfiguration#download: Downloading commons-text-api
2026-09-25 10:24:25.954+0000 [id=85]	INFO	h.model.UpdateCenter$DownloadJob#run: Installation successful: commons-text-api
2026-09-25 10:24:25.954+0000 [id=85]	INFO	h.model.UpdateCenter$DownloadJob#run: Starting the installation of token-macro on behalf of admin
2026-09-25 10:24:25.955+0000 [id=85]	INFO	h.m.UpdateCenter$UpdateCenterConfiguration#download: Downloading token-macro
2026-09-25 10:24:29.094+0000 [id=85]	INFO	h.model.UpdateCenter$DownloadJob#run: Installation successful: token-macro
2026-09-25 10:24:29.094+0000 [id=85]	INFO	h.model.UpdateCenter$DownloadJob#run: Starting the installation of build-timeout on behalf of admin
2026-09-25 10:24:29.094+0000 [id=85]	INFO	h.m.UpdateCenter$UpdateCenterConfiguration#download: Downloading build-timeout
2026-09-25 10:24:31.906+0000 [id=85]	INFO	h.model.UpdateCenter$DownloadJob#run: Installation successful: build-timeout
2026-09-25 10:24:31.906+0000 [id=85]	INFO	h.model.UpdateCenter$DownloadJob#run: Starting the installation of bouncycastle-api on behalf of admin
2026-09-25 10:24:31.906+0000 [id=85]	INFO	h.m.UpdateCenter$UpdateCenterConfiguration#download: Downloading bouncycastle-api
2026-09-25 10:24:38.314+0000 [id=85]	INFO	h.model.UpdateCenter$DownloadJob#run: Installation successful: bouncycastle-api
2026-09-25 10:24:38.314+0000 [id=85]	INFO	h.model.UpdateCenter$DownloadJob#run: Starting the installation of credentials on behalf of admin
2026-09-25 10:24:38.315+0000 [id=85]	INFO	h.m.UpdateCenter$UpdateCenterConfiguration#download: Downloading credentials
2026-09-25 10:24:41.961+0000 [id=85]	INFO	h.model.UpdateCenter$DownloadJob#run: Installation successful: credentials
2026-09-25 10:24:41.961+0000 [id=85]	INFO	h.model.UpdateCenter$DownloadJob#run: Starting the installation of plain-credentials on behalf of admin
2026-09-25 10:24:41.961+0000 [id=85]	INFO	h.m.UpdateCenter$UpdateCenterConfiguration#download: Downloading plain-credentials
2026-09-25 10:24:45.034+0000 [id=85]	INFO	h.model.UpdateCenter$DownloadJob#run: Installation successful: plain-credentials
2026-09-25 10:24:45.034+0000 [id=85]	INFO	h.model.UpdateCenter$DownloadJob#run: Starting the installation of variant on behalf of admin
2026-09-25 10:24:45.034+0000 [id=85]	INFO	h.m.UpdateCenter$UpdateCenterConfiguration#download: Downloading variant
2026-09-25 10:24:48.464+0000 [id=85]	INFO	h.model.UpdateCenter$DownloadJob#run: Installation successful: variant
2026-09-25 10:24:48.464+0000 [id=85]	INFO	h.model.UpdateCenter$DownloadJob#run: Starting the installation of ssh-credentials on behalf of admin
2026-09-25 10:24:48.464+0000 [id=85]	INFO	h.m.UpdateCenter$UpdateCenterConfiguration#download: Downloading ssh-credentials
2026-09-25 10:24:55.338+0000 [id=85]	INFO	h.model.UpdateCenter$DownloadJob#run: Installation successful: ssh-credentials
2026-09-25 10:24:55.339+0000 [id=85]	INFO	h.model.UpdateCenter$DownloadJob#run: Starting the installation of credentials-binding on behalf of admin
2026-09-25 10:24:55.339+0000 [id=85]	INFO	h.m.UpdateCenter$UpdateCenterConfiguration#download: Downloading credentials-binding
2026-09-25 10:24:59.258+0000 [id=85]	INFO	h.model.UpdateCenter$DownloadJob#run: Installation successful: credentials-binding
2026-09-25 10:24:59.259+0000 [id=85]	INFO	h.model.UpdateCenter$DownloadJob#run: Starting the installation of scm-api on behalf of admin
2026-09-25 10:24:59.259+0000 [id=85]	INFO	h.m.UpdateCenter$UpdateCenterConfiguration#download: Downloading scm-api
2026-09-25 10:25:02.374+0000 [id=85]	INFO	h.model.UpdateCenter$DownloadJob#run: Installation successful: scm-api
2026-09-25 10:25:02.374+0000 [id=85]	INFO	h.model.UpdateCenter$DownloadJob#run: Starting the installation of workflow-api on behalf of admin
2026-09-25 10:25:02.374+0000 [id=85]	INFO	h.m.UpdateCenter$UpdateCenterConfiguration#download: Downloading workflow-api
2026-09-25 10:25:05.386+0000 [id=85]	INFO	h.model.UpdateCenter$DownloadJob#run: Installation successful: workflow-api
2026-09-25 10:25:05.386+0000 [id=85]	INFO	h.model.UpdateCenter$DownloadJob#run: Starting the installation of timestamper on behalf of admin
2026-09-25 10:25:05.386+0000 [id=85]	INFO	h.m.UpdateCenter$UpdateCenterConfiguration#download: Downloading timestamper
2026-09-25 10:25:08.463+0000 [id=85]	INFO	h.model.UpdateCenter$DownloadJob#run: Installation successful: timestamper
2026-09-25 10:25:08.463+0000 [id=85]	INFO	h.model.UpdateCenter$DownloadJob#run: Starting the installation of caffeine-api on behalf of admin
2026-09-25 10:25:08.463+0000 [id=85]	INFO	h.m.UpdateCenter$UpdateCenterConfiguration#download: Downloading caffeine-api
2026-09-25 10:25:12.140+0000 [id=85]	INFO	h.model.UpdateCenter$DownloadJob#run: Installation successful: caffeine-api
2026-09-25 10:25:12.140+0000 [id=85]	INFO	h.model.UpdateCenter$DownloadJob#run: Starting the installation of script-security on behalf of admin
2026-09-25 10:25:12.140+0000 [id=85]	INFO	h.m.UpdateCenter$UpdateCenterConfiguration#download: Downloading script-security
2026-09-25 10:25:15.634+0000 [id=85]	INFO	h.model.UpdateCenter$DownloadJob#run: Installation successful: script-security
2026-09-25 10:25:15.634+0000 [id=85]	INFO	h.model.UpdateCenter$DownloadJob#run: Starting the installation of workflow-support on behalf of admin
2026-09-25 10:25:15.635+0000 [id=85]	INFO	h.m.UpdateCenter$UpdateCenterConfiguration#download: Downloading workflow-support
2026-09-25 10:25:20.552+0000 [id=85]	INFO	h.model.UpdateCenter$DownloadJob#run: Installation successful: workflow-support
2026-09-25 10:25:20.557+0000 [id=85]	INFO	h.model.UpdateCenter$DownloadJob#run: Starting the installation of plugin-util-api on behalf of admin
2026-09-25 10:25:20.558+0000 [id=85]	INFO	h.m.UpdateCenter$UpdateCenterConfiguration#download: Downloading plugin-util-api
2026-09-25 10:25:23.673+0000 [id=85]	INFO	h.model.UpdateCenter$DownloadJob#run: Installation successful: plugin-util-api
2026-09-25 10:25:23.673+0000 [id=85]	INFO	h.model.UpdateCenter$DownloadJob#run: Starting the installation of font-awesome-api on behalf of admin
2026-09-25 10:25:23.673+0000 [id=85]	INFO	h.m.UpdateCenter$UpdateCenterConfiguration#download: Downloading font-awesome-api
2026-09-25 10:25:27.082+0000 [id=85]	INFO	h.model.UpdateCenter$DownloadJob#run: Installation successful: font-awesome-api
2026-09-25 10:25:27.083+0000 [id=85]	INFO	h.model.UpdateCenter$DownloadJob#run: Starting the installation of bootstrap5-api on behalf of admin
2026-09-25 10:25:27.085+0000 [id=85]	INFO	h.m.UpdateCenter$UpdateCenterConfiguration#download: Downloading bootstrap5-api
2026-09-25 10:25:31.011+0000 [id=85]	INFO	h.model.UpdateCenter$DownloadJob#run: Installation successful: bootstrap5-api
2026-09-25 10:25:31.011+0000 [id=85]	INFO	h.model.UpdateCenter$DownloadJob#run: Starting the installation of jackson-annotations2-api on behalf of admin
2026-09-25 10:25:31.011+0000 [id=85]	INFO	h.m.UpdateCenter$UpdateCenterConfiguration#download: Downloading jackson-annotations2-api
2026-09-25 10:25:33.886+0000 [id=85]	INFO	h.model.UpdateCenter$DownloadJob#run: Installation successful: jackson-annotations2-api
2026-09-25 10:25:33.886+0000 [id=85]	INFO	h.model.UpdateCenter$DownloadJob#run: Starting the installation of snakeyaml-engine-api on behalf of admin
2026-09-25 10:25:33.886+0000 [id=85]	INFO	h.m.UpdateCenter$UpdateCenterConfiguration#download: Downloading snakeyaml-engine-api
2026-09-25 10:25:36.840+0000 [id=85]	INFO	h.model.UpdateCenter$DownloadJob#run: Installation successful: snakeyaml-engine-api
2026-09-25 10:25:36.840+0000 [id=85]	INFO	h.model.UpdateCenter$DownloadJob#run: Starting the installation of woodstox-core-api on behalf of admin
2026-09-25 10:25:36.840+0000 [id=85]	INFO	h.m.UpdateCenter$UpdateCenterConfiguration#download: Downloading woodstox-core-api
2026-09-25 10:25:40.303+0000 [id=85]	INFO	h.model.UpdateCenter$DownloadJob#run: Installation successful: woodstox-core-api
2026-09-25 10:25:40.303+0000 [id=85]	INFO	h.model.UpdateCenter$DownloadJob#run: Starting the installation of jackson3-api on behalf of admin
2026-09-25 10:25:40.303+0000 [id=85]	INFO	h.m.UpdateCenter$UpdateCenterConfiguration#download: Downloading jackson3-api
2026-09-25 10:25:43.501+0000 [id=85]	INFO	h.model.UpdateCenter$DownloadJob#run: Installation successful: jackson3-api
2026-09-25 10:25:43.501+0000 [id=85]	INFO	h.model.UpdateCenter$DownloadJob#run: Starting the installation of jquery3-api on behalf of admin
2026-09-25 10:25:43.501+0000 [id=85]	INFO	h.m.UpdateCenter$UpdateCenterConfiguration#download: Downloading jquery3-api
2026-09-25 10:25:46.411+0000 [id=85]	INFO	h.model.UpdateCenter$DownloadJob#run: Installation successful: jquery3-api
2026-09-25 10:25:46.412+0000 [id=85]	INFO	h.model.UpdateCenter$DownloadJob#run: Starting the installation of echarts-api on behalf of admin
2026-09-25 10:25:46.412+0000 [id=85]	INFO	h.m.UpdateCenter$UpdateCenterConfiguration#download: Downloading echarts-api
2026-09-25 10:26:17.954+0000 [id=85]	INFO	h.model.UpdateCenter$DownloadJob#run: Installation successful: echarts-api
2026-09-25 10:26:17.955+0000 [id=85]	INFO	h.model.UpdateCenter$DownloadJob#run: Starting the installation of prism-api on behalf of admin
2026-09-25 10:26:17.958+0000 [id=85]	INFO	h.m.UpdateCenter$UpdateCenterConfiguration#download: Downloading prism-api
2026-09-25 10:26:21.982+0000 [id=85]	INFO	h.model.UpdateCenter$DownloadJob#run: Installation successful: prism-api
2026-09-25 10:26:21.982+0000 [id=85]	INFO	h.model.UpdateCenter$DownloadJob#run: Starting the installation of display-url-api on behalf of admin
2026-09-25 10:26:21.982+0000 [id=85]	INFO	h.m.UpdateCenter$UpdateCenterConfiguration#download: Downloading display-url-api
2026-09-25 10:26:24.528+0000 [id=85]	INFO	h.model.UpdateCenter$DownloadJob#run: Installation successful: display-url-api
2026-09-25 10:26:24.528+0000 [id=85]	INFO	h.model.UpdateCenter$DownloadJob#run: Starting the installation of checks-api on behalf of admin
2026-09-25 10:26:24.528+0000 [id=85]	INFO	h.m.UpdateCenter$UpdateCenterConfiguration#download: Downloading checks-api
2026-09-25 10:26:27.270+0000 [id=85]	INFO	h.model.UpdateCenter$DownloadJob#run: Installation successful: checks-api
2026-09-25 10:26:27.270+0000 [id=85]	INFO	h.model.UpdateCenter$DownloadJob#run: Starting the installation of junit on behalf of admin
2026-09-25 10:26:27.270+0000 [id=85]	INFO	h.m.UpdateCenter$UpdateCenterConfiguration#download: Downloading junit
2026-09-25 10:26:30.464+0000 [id=85]	INFO	h.model.UpdateCenter$DownloadJob#run: Installation successful: junit
2026-09-25 10:26:30.465+0000 [id=85]	INFO	h.model.UpdateCenter$DownloadJob#run: Starting the installation of matrix-project on behalf of admin
2026-09-25 10:26:30.465+0000 [id=85]	INFO	h.m.UpdateCenter$UpdateCenterConfiguration#download: Downloading matrix-project
2026-09-25 10:26:33.404+0000 [id=85]	INFO	h.model.UpdateCenter$DownloadJob#run: Installation successful: matrix-project
2026-09-25 10:26:33.404+0000 [id=85]	INFO	h.model.UpdateCenter$DownloadJob#run: Starting the installation of resource-disposer on behalf of admin
2026-09-25 10:26:33.404+0000 [id=85]	INFO	h.m.UpdateCenter$UpdateCenterConfiguration#download: Downloading resource-disposer
2026-09-25 10:26:35.835+0000 [id=85]	INFO	h.model.UpdateCenter$DownloadJob#run: Installation successful: resource-disposer
2026-09-25 10:26:35.835+0000 [id=85]	INFO	h.model.UpdateCenter$DownloadJob#run: Starting the installation of ws-cleanup on behalf of admin
2026-09-25 10:26:35.835+0000 [id=85]	INFO	h.m.UpdateCenter$UpdateCenterConfiguration#download: Downloading ws-cleanup
2026-09-25 10:26:38.306+0000 [id=85]	INFO	h.model.UpdateCenter$DownloadJob#run: Installation successful: ws-cleanup
2026-09-25 10:26:38.306+0000 [id=85]	INFO	h.model.UpdateCenter$DownloadJob#run: Starting the installation of ant on behalf of admin
2026-09-25 10:26:38.306+0000 [id=85]	INFO	h.m.UpdateCenter$UpdateCenterConfiguration#download: Downloading ant
2026-09-25 10:26:40.934+0000 [id=85]	INFO	h.model.UpdateCenter$DownloadJob#run: Installation successful: ant
2026-09-25 10:26:40.934+0000 [id=85]	INFO	h.model.UpdateCenter$DownloadJob#run: Starting the installation of okhttp-api on behalf of admin
2026-09-25 10:26:40.935+0000 [id=85]	INFO	h.m.UpdateCenter$UpdateCenterConfiguration#download: Downloading okhttp-api
2026-09-25 10:26:45.358+0000 [id=85]	INFO	h.model.UpdateCenter$DownloadJob#run: Installation successful: okhttp-api
2026-09-25 10:26:45.358+0000 [id=85]	INFO	h.model.UpdateCenter$DownloadJob#run: Starting the installation of javax-activation-api on behalf of admin
2026-09-25 10:26:45.358+0000 [id=85]	INFO	h.m.UpdateCenter$UpdateCenterConfiguration#download: Downloading javax-activation-api
2026-09-25 10:26:47.587+0000 [id=85]	INFO	h.model.UpdateCenter$DownloadJob#run: Installation successful: javax-activation-api
2026-09-25 10:26:47.587+0000 [id=85]	INFO	h.model.UpdateCenter$DownloadJob#run: Starting the installation of jaxb on behalf of admin
2026-09-25 10:26:47.588+0000 [id=85]	INFO	h.m.UpdateCenter$UpdateCenterConfiguration#download: Downloading jaxb
2026-09-25 10:26:51.317+0000 [id=85]	INFO	h.model.UpdateCenter$DownloadJob#run: Installation successful: jaxb
2026-09-25 10:26:51.317+0000 [id=85]	INFO	h.model.UpdateCenter$DownloadJob#run: Starting the installation of json-api on behalf of admin
2026-09-25 10:26:51.317+0000 [id=85]	INFO	h.m.UpdateCenter$UpdateCenterConfiguration#download: Downloading json-api
2026-09-25 10:26:54.050+0000 [id=85]	INFO	h.model.UpdateCenter$DownloadJob#run: Installation successful: json-api
2026-09-25 10:26:54.051+0000 [id=85]	INFO	h.model.UpdateCenter$DownloadJob#run: Starting the installation of jakarta-activation-api on behalf of admin
2026-09-25 10:26:54.051+0000 [id=85]	INFO	h.m.UpdateCenter$UpdateCenterConfiguration#download: Downloading jakarta-activation-api
2026-09-25 10:26:56.820+0000 [id=85]	INFO	h.model.UpdateCenter$DownloadJob#run: Installation successful: jakarta-activation-api
2026-09-25 10:26:56.820+0000 [id=85]	INFO	h.model.UpdateCenter$DownloadJob#run: Starting the installation of snakeyaml-api on behalf of admin
2026-09-25 10:26:56.820+0000 [id=85]	INFO	h.m.UpdateCenter$UpdateCenterConfiguration#download: Downloading snakeyaml-api
2026-09-25 10:26:59.642+0000 [id=85]	INFO	h.model.UpdateCenter$DownloadJob#run: Installation successful: snakeyaml-api
2026-09-25 10:26:59.642+0000 [id=85]	INFO	h.model.UpdateCenter$DownloadJob#run: Starting the installation of jakarta-xml-bind-api on behalf of admin
2026-09-25 10:26:59.642+0000 [id=85]	INFO	h.m.UpdateCenter$UpdateCenterConfiguration#download: Downloading jakarta-xml-bind-api
2026-09-25 10:27:03.128+0000 [id=85]	INFO	h.model.UpdateCenter$DownloadJob#run: Installation successful: jakarta-xml-bind-api
2026-09-25 10:27:03.129+0000 [id=85]	INFO	h.model.UpdateCenter$DownloadJob#run: Starting the installation of jackson2-api on behalf of admin
2026-09-25 10:27:03.129+0000 [id=85]	INFO	h.m.UpdateCenter$UpdateCenterConfiguration#download: Downloading jackson2-api
2026-09-25 10:27:06.339+0000 [id=85]	INFO	h.model.UpdateCenter$DownloadJob#run: Installation successful: jackson2-api
2026-09-25 10:27:06.340+0000 [id=85]	INFO	h.model.UpdateCenter$DownloadJob#run: Starting the installation of apache-httpcomponents-client-4-api on behalf of admin
2026-09-25 10:27:06.340+0000 [id=85]	INFO	h.m.UpdateCenter$UpdateCenterConfiguration#download: Downloading apache-httpcomponents-client-4-api
2026-09-25 10:27:11.071+0000 [id=85]	INFO	h.model.UpdateCenter$DownloadJob#run: Installation successful: apache-httpcomponents-client-4-api
2026-09-25 10:27:11.072+0000 [id=85]	INFO	h.model.UpdateCenter$DownloadJob#run: Starting the installation of workflow-job on behalf of admin
2026-09-25 10:27:11.072+0000 [id=85]	INFO	h.m.UpdateCenter$UpdateCenterConfiguration#download: Downloading workflow-job
2026-09-25 10:27:14.659+0000 [id=85]	INFO	h.model.UpdateCenter$DownloadJob#run: Installation successful: workflow-job
2026-09-25 10:27:14.660+0000 [id=85]	INFO	h.model.UpdateCenter$DownloadJob#run: Starting the installation of gradle on behalf of admin
2026-09-25 10:27:14.660+0000 [id=85]	INFO	h.m.UpdateCenter$UpdateCenterConfiguration#download: Downloading gradle
2026-09-25 10:27:18.003+0000 [id=85]	INFO	h.model.UpdateCenter$DownloadJob#run: Installation successful: gradle
2026-09-25 10:27:18.003+0000 [id=85]	INFO	h.model.UpdateCenter$DownloadJob#run: Starting the installation of pipeline-milestone-step on behalf of admin
2026-09-25 10:27:18.003+0000 [id=85]	INFO	h.m.UpdateCenter$UpdateCenterConfiguration#download: Downloading pipeline-milestone-step
2026-09-25 10:27:20.760+0000 [id=85]	INFO	h.model.UpdateCenter$DownloadJob#run: Installation successful: pipeline-milestone-step
2026-09-25 10:27:20.760+0000 [id=85]	INFO	h.model.UpdateCenter$DownloadJob#run: Starting the installation of durable-task on behalf of admin
2026-09-25 10:27:20.760+0000 [id=85]	INFO	h.m.UpdateCenter$UpdateCenterConfiguration#download: Downloading durable-task
2026-09-25 10:27:25.276+0000 [id=85]	INFO	h.model.UpdateCenter$DownloadJob#run: Installation successful: durable-task
2026-09-25 10:27:25.276+0000 [id=85]	INFO	h.model.UpdateCenter$DownloadJob#run: Starting the installation of workflow-durable-task-step on behalf of admin
2026-09-25 10:27:25.276+0000 [id=85]	INFO	h.m.UpdateCenter$UpdateCenterConfiguration#download: Downloading workflow-durable-task-step
2026-09-25 10:27:28.300+0000 [id=85]	INFO	h.model.UpdateCenter$DownloadJob#run: Installation successful: workflow-durable-task-step
2026-09-25 10:27:28.300+0000 [id=85]	INFO	h.model.UpdateCenter$DownloadJob#run: Starting the installation of pipeline-build-step on behalf of admin
2026-09-25 10:27:28.300+0000 [id=85]	INFO	h.m.UpdateCenter$UpdateCenterConfiguration#download: Downloading pipeline-build-step
2026-09-25 10:27:30.916+0000 [id=85]	INFO	h.model.UpdateCenter$DownloadJob#run: Installation successful: pipeline-build-step
2026-09-25 10:27:30.916+0000 [id=85]	INFO	h.model.UpdateCenter$DownloadJob#run: Starting the installation of workflow-scm-step on behalf of admin
2026-09-25 10:27:30.916+0000 [id=85]	INFO	h.m.UpdateCenter$UpdateCenterConfiguration#download: Downloading workflow-scm-step
2026-09-25 10:27:33.324+0000 [id=85]	INFO	h.model.UpdateCenter$DownloadJob#run: Installation successful: workflow-scm-step
2026-09-25 10:27:33.325+0000 [id=85]	INFO	h.model.UpdateCenter$DownloadJob#run: Starting the installation of workflow-cps on behalf of admin
2026-09-25 10:27:33.325+0000 [id=85]	INFO	h.m.UpdateCenter$UpdateCenterConfiguration#download: Downloading workflow-cps
2026-09-25 10:27:36.842+0000 [id=85]	INFO	h.model.UpdateCenter$DownloadJob#run: Installation successful: workflow-cps
2026-09-25 10:27:36.843+0000 [id=85]	INFO	h.model.UpdateCenter$DownloadJob#run: Starting the installation of pipeline-groovy-lib on behalf of admin
2026-09-25 10:27:36.843+0000 [id=85]	INFO	h.m.UpdateCenter$UpdateCenterConfiguration#download: Downloading pipeline-groovy-lib
2026-09-25 10:27:40.009+0000 [id=85]	INFO	h.model.UpdateCenter$DownloadJob#run: Installation successful: pipeline-groovy-lib
2026-09-25 10:27:40.009+0000 [id=85]	INFO	h.model.UpdateCenter$DownloadJob#run: Starting the installation of joda-time-api on behalf of admin
2026-09-25 10:27:40.010+0000 [id=85]	INFO	h.m.UpdateCenter$UpdateCenterConfiguration#download: Downloading joda-time-api
2026-09-25 10:27:43.136+0000 [id=85]	INFO	h.model.UpdateCenter$DownloadJob#run: Installation successful: joda-time-api
2026-09-25 10:27:43.136+0000 [id=85]	INFO	h.model.UpdateCenter$DownloadJob#run: Starting the installation of pipeline-model-api on behalf of admin
2026-09-25 10:27:43.137+0000 [id=85]	INFO	h.m.UpdateCenter$UpdateCenterConfiguration#download: Downloading pipeline-model-api
2026-09-25 10:27:46.685+0000 [id=85]	INFO	h.model.UpdateCenter$DownloadJob#run: Installation successful: pipeline-model-api
2026-09-25 10:27:46.685+0000 [id=85]	INFO	h.model.UpdateCenter$DownloadJob#run: Starting the installation of pipeline-stage-step on behalf of admin
2026-09-25 10:27:46.686+0000 [id=85]	INFO	h.m.UpdateCenter$UpdateCenterConfiguration#download: Downloading pipeline-stage-step
2026-09-25 10:27:48.773+0000 [id=85]	INFO	h.model.UpdateCenter$DownloadJob#run: Installation successful: pipeline-stage-step
2026-09-25 10:27:48.773+0000 [id=85]	INFO	h.model.UpdateCenter$DownloadJob#run: Starting the installation of pipeline-model-extensions on behalf of admin
2026-09-25 10:27:48.773+0000 [id=85]	INFO	h.m.UpdateCenter$UpdateCenterConfiguration#download: Downloading pipeline-model-extensions
2026-09-25 10:27:51.407+0000 [id=85]	INFO	h.model.UpdateCenter$DownloadJob#run: Installation successful: pipeline-model-extensions
2026-09-25 10:27:51.407+0000 [id=85]	INFO	h.model.UpdateCenter$DownloadJob#run: Starting the installation of jakarta-mail-api on behalf of admin
2026-09-25 10:27:51.407+0000 [id=85]	INFO	h.m.UpdateCenter$UpdateCenterConfiguration#download: Downloading jakarta-mail-api
2026-09-25 10:27:54.859+0000 [id=85]	INFO	h.model.UpdateCenter$DownloadJob#run: Installation successful: jakarta-mail-api
2026-09-25 10:27:54.861+0000 [id=85]	INFO	h.model.UpdateCenter$DownloadJob#run: Starting the installation of instance-identity on behalf of admin
2026-09-25 10:27:54.861+0000 [id=85]	INFO	h.m.UpdateCenter$UpdateCenterConfiguration#download: Downloading instance-identity
2026-09-25 10:28:02.353+0000 [id=85]	INFO	h.model.UpdateCenter$DownloadJob#run: Installation successful: instance-identity
2026-09-25 10:28:02.354+0000 [id=85]	INFO	h.model.UpdateCenter$DownloadJob#run: Starting the installation of mailer on behalf of admin
2026-09-25 10:28:02.354+0000 [id=85]	INFO	h.m.UpdateCenter$UpdateCenterConfiguration#download: Downloading mailer
2026-09-25 10:28:05.842+0000 [id=85]	INFO	h.model.UpdateCenter$DownloadJob#run: Installation successful: mailer
2026-09-25 10:28:05.842+0000 [id=85]	INFO	h.model.UpdateCenter$DownloadJob#run: Starting the installation of branch-api on behalf of admin
2026-09-25 10:28:05.843+0000 [id=85]	INFO	h.m.UpdateCenter$UpdateCenterConfiguration#download: Downloading branch-api
2026-09-25 10:28:08.975+0000 [id=85]	INFO	h.model.UpdateCenter$DownloadJob#run: Installation successful: branch-api
2026-09-25 10:28:08.975+0000 [id=85]	INFO	h.model.UpdateCenter$DownloadJob#run: Starting the installation of workflow-multibranch on behalf of admin
2026-09-25 10:28:08.975+0000 [id=85]	INFO	h.m.UpdateCenter$UpdateCenterConfiguration#download: Downloading workflow-multibranch
2026-09-25 10:28:11.792+0000 [id=85]	INFO	h.model.UpdateCenter$DownloadJob#run: Installation successful: workflow-multibranch
2026-09-25 10:28:11.792+0000 [id=85]	INFO	h.model.UpdateCenter$DownloadJob#run: Starting the installation of pipeline-stage-tags-metadata on behalf of admin
2026-09-25 10:28:11.792+0000 [id=85]	INFO	h.m.UpdateCenter$UpdateCenterConfiguration#download: Downloading pipeline-stage-tags-metadata
2026-09-25 10:28:13.924+0000 [id=85]	INFO	h.model.UpdateCenter$DownloadJob#run: Installation successful: pipeline-stage-tags-metadata
2026-09-25 10:28:13.924+0000 [id=85]	INFO	h.model.UpdateCenter$DownloadJob#run: Starting the installation of pipeline-input-step on behalf of admin
2026-09-25 10:28:13.924+0000 [id=85]	INFO	h.m.UpdateCenter$UpdateCenterConfiguration#download: Downloading pipeline-input-step
2026-09-25 10:28:16.502+0000 [id=85]	INFO	h.model.UpdateCenter$DownloadJob#run: Installation successful: pipeline-input-step
2026-09-25 10:28:16.502+0000 [id=85]	INFO	h.model.UpdateCenter$DownloadJob#run: Starting the installation of workflow-basic-steps on behalf of admin
2026-09-25 10:28:16.502+0000 [id=85]	INFO	h.m.UpdateCenter$UpdateCenterConfiguration#download: Downloading workflow-basic-steps
2026-09-25 10:28:19.697+0000 [id=85]	INFO	h.model.UpdateCenter$DownloadJob#run: Installation successful: workflow-basic-steps
2026-09-25 10:28:19.697+0000 [id=85]	INFO	h.model.UpdateCenter$DownloadJob#run: Starting the installation of pipeline-model-definition on behalf of admin
2026-09-25 10:28:19.697+0000 [id=85]	INFO	h.m.UpdateCenter$UpdateCenterConfiguration#download: Downloading pipeline-model-definition
2026-09-25 10:28:22.844+0000 [id=85]	INFO	h.model.UpdateCenter$DownloadJob#run: Installation successful: pipeline-model-definition
2026-09-25 10:28:22.844+0000 [id=85]	INFO	h.model.UpdateCenter$DownloadJob#run: Starting the installation of workflow-aggregator on behalf of admin
2026-09-25 10:28:22.844+0000 [id=85]	INFO	h.m.UpdateCenter$UpdateCenterConfiguration#download: Downloading workflow-aggregator
2026-09-25 10:28:24.987+0000 [id=85]	INFO	h.model.UpdateCenter$DownloadJob#run: Installation successful: workflow-aggregator
2026-09-25 10:28:24.987+0000 [id=85]	INFO	h.model.UpdateCenter$DownloadJob#run: Starting the installation of jjwt-api on behalf of admin
2026-09-25 10:28:24.988+0000 [id=85]	INFO	h.m.UpdateCenter$UpdateCenterConfiguration#download: Downloading jjwt-api
2026-09-25 10:28:28.234+0000 [id=85]	INFO	h.model.UpdateCenter$DownloadJob#run: Installation successful: jjwt-api
2026-09-25 10:28:28.234+0000 [id=85]	INFO	h.model.UpdateCenter$DownloadJob#run: Starting the installation of github-api on behalf of admin
2026-09-25 10:28:28.235+0000 [id=85]	INFO	h.m.UpdateCenter$UpdateCenterConfiguration#download: Downloading github-api
2026-09-25 10:28:32.302+0000 [id=85]	INFO	h.model.UpdateCenter$DownloadJob#run: Installation successful: github-api
2026-09-25 10:28:32.303+0000 [id=85]	INFO	h.model.UpdateCenter$DownloadJob#run: Starting the installation of mina-sshd-api-common on behalf of admin
2026-09-25 10:28:32.303+0000 [id=85]	INFO	h.m.UpdateCenter$UpdateCenterConfiguration#download: Downloading mina-sshd-api-common
2026-09-25 10:28:35.792+0000 [id=85]	INFO	h.model.UpdateCenter$DownloadJob#run: Installation successful: mina-sshd-api-common
2026-09-25 10:28:35.792+0000 [id=85]	INFO	h.model.UpdateCenter$DownloadJob#run: Starting the installation of mina-sshd-api-core on behalf of admin
2026-09-25 10:28:35.792+0000 [id=85]	INFO	h.m.UpdateCenter$UpdateCenterConfiguration#download: Downloading mina-sshd-api-core
2026-09-25 10:28:39.743+0000 [id=85]	INFO	h.model.UpdateCenter$DownloadJob#run: Installation successful: mina-sshd-api-core
2026-09-25 10:28:39.744+0000 [id=85]	INFO	h.model.UpdateCenter$DownloadJob#run: Starting the installation of gson-api on behalf of admin
2026-09-25 10:28:39.745+0000 [id=85]	INFO	h.m.UpdateCenter$UpdateCenterConfiguration#download: Downloading gson-api
2026-09-25 10:28:42.528+0000 [id=85]	INFO	h.model.UpdateCenter$DownloadJob#run: Installation successful: gson-api
2026-09-25 10:28:42.528+0000 [id=85]	INFO	h.model.UpdateCenter$DownloadJob#run: Starting the installation of git-client on behalf of admin
2026-09-25 10:28:42.528+0000 [id=85]	INFO	h.m.UpdateCenter$UpdateCenterConfiguration#download: Downloading git-client
2026-09-25 10:28:46.324+0000 [id=85]	INFO	h.model.UpdateCenter$DownloadJob#run: Installation successful: git-client
2026-09-25 10:28:46.324+0000 [id=85]	INFO	h.model.UpdateCenter$DownloadJob#run: Starting the installation of git on behalf of admin
2026-09-25 10:28:46.324+0000 [id=85]	INFO	h.m.UpdateCenter$UpdateCenterConfiguration#download: Downloading git
2026-09-25 10:28:49.104+0000 [id=85]	INFO	h.model.UpdateCenter$DownloadJob#run: Installation successful: git
2026-09-25 10:28:49.104+0000 [id=85]	INFO	h.model.UpdateCenter$DownloadJob#run: Starting the installation of github on behalf of admin
2026-09-25 10:28:49.105+0000 [id=85]	INFO	h.m.UpdateCenter$UpdateCenterConfiguration#download: Downloading github
2026-09-25 10:28:52.159+0000 [id=85]	INFO	h.model.UpdateCenter$DownloadJob#run: Installation successful: github
2026-09-25 10:28:52.159+0000 [id=85]	INFO	h.model.UpdateCenter$DownloadJob#run: Starting the installation of github-branch-source on behalf of admin
2026-09-25 10:28:52.159+0000 [id=85]	INFO	h.m.UpdateCenter$UpdateCenterConfiguration#download: Downloading github-branch-source
2026-09-25 10:28:54.981+0000 [id=85]	INFO	h.model.UpdateCenter$DownloadJob#run: Installation successful: github-branch-source
2026-09-25 10:28:54.981+0000 [id=85]	INFO	h.model.UpdateCenter$DownloadJob#run: Starting the installation of pipeline-github-lib on behalf of admin
2026-09-25 10:28:54.981+0000 [id=85]	INFO	h.m.UpdateCenter$UpdateCenterConfiguration#download: Downloading pipeline-github-lib
2026-09-25 10:28:57.391+0000 [id=85]	INFO	h.model.UpdateCenter$DownloadJob#run: Installation successful: pipeline-github-lib
2026-09-25 10:28:57.391+0000 [id=85]	INFO	h.model.UpdateCenter$DownloadJob#run: Starting the installation of pipeline-graph-view on behalf of admin
2026-09-25 10:28:57.391+0000 [id=85]	INFO	h.m.UpdateCenter$UpdateCenterConfiguration#download: Downloading pipeline-graph-view
2026-09-25 10:29:00.576+0000 [id=85]	INFO	h.model.UpdateCenter$DownloadJob#run: Installation successful: pipeline-graph-view
2026-09-25 10:29:00.576+0000 [id=85]	INFO	h.model.UpdateCenter$DownloadJob#run: Starting the installation of git on behalf of admin
2026-09-25 10:29:00.576+0000 [id=85]	INFO	h.m.UpdateCenter$InstallationJob#_run: Skipping duplicate install of: Git@5.10.1
2026-09-25 10:29:00.578+0000 [id=85]	INFO	h.model.UpdateCenter$DownloadJob#run: Installation successful: git
2026-09-25 10:29:00.578+0000 [id=85]	INFO	h.model.UpdateCenter$DownloadJob#run: Starting the installation of eddsa-api on behalf of admin
2026-09-25 10:29:00.578+0000 [id=85]	INFO	h.m.UpdateCenter$UpdateCenterConfiguration#download: Downloading eddsa-api
2026-09-25 10:29:02.851+0000 [id=85]	INFO	h.model.UpdateCenter$DownloadJob#run: Installation successful: eddsa-api
2026-09-25 10:29:02.851+0000 [id=85]	INFO	h.model.UpdateCenter$DownloadJob#run: Starting the installation of trilead-api on behalf of admin
2026-09-25 10:29:02.852+0000 [id=85]	INFO	h.m.UpdateCenter$UpdateCenterConfiguration#download: Downloading trilead-api
2026-09-25 10:29:06.388+0000 [id=85]	INFO	h.model.UpdateCenter$DownloadJob#run: Installation successful: trilead-api
2026-09-25 10:29:06.388+0000 [id=85]	INFO	h.model.UpdateCenter$DownloadJob#run: Starting the installation of ssh-slaves on behalf of admin
2026-09-25 10:29:06.388+0000 [id=85]	INFO	h.m.UpdateCenter$UpdateCenterConfiguration#download: Downloading ssh-slaves
2026-09-25 10:29:09.623+0000 [id=85]	INFO	h.model.UpdateCenter$DownloadJob#run: Installation successful: ssh-slaves
2026-09-25 10:29:09.623+0000 [id=85]	INFO	h.model.UpdateCenter$DownloadJob#run: Starting the installation of matrix-auth on behalf of admin
2026-09-25 10:29:09.623+0000 [id=85]	INFO	h.m.UpdateCenter$UpdateCenterConfiguration#download: Downloading matrix-auth
2026-09-25 10:29:12.418+0000 [id=85]	INFO	h.model.UpdateCenter$DownloadJob#run: Installation successful: matrix-auth
2026-09-25 10:29:12.419+0000 [id=85]	INFO	h.model.UpdateCenter$DownloadJob#run: Starting the installation of ldap on behalf of admin
2026-09-25 10:29:12.419+0000 [id=85]	INFO	h.m.UpdateCenter$UpdateCenterConfiguration#download: Downloading ldap
2026-09-25 10:29:17.512+0000 [id=85]	INFO	h.model.UpdateCenter$DownloadJob#run: Installation successful: ldap
2026-09-25 10:29:17.512+0000 [id=85]	INFO	h.model.UpdateCenter$DownloadJob#run: Starting the installation of jsoup on behalf of admin
2026-09-25 10:29:17.512+0000 [id=85]	INFO	h.m.UpdateCenter$UpdateCenterConfiguration#download: Downloading jsoup
2026-09-25 10:29:20.287+0000 [id=85]	INFO	h.model.UpdateCenter$DownloadJob#run: Installation successful: jsoup
2026-09-25 10:29:20.287+0000 [id=85]	INFO	h.model.UpdateCenter$DownloadJob#run: Starting the installation of email-ext on behalf of admin
2026-09-25 10:29:20.287+0000 [id=85]	INFO	h.m.UpdateCenter$UpdateCenterConfiguration#download: Downloading email-ext
2026-09-25 10:29:27.436+0000 [id=85]	INFO	h.model.UpdateCenter$DownloadJob#run: Installation successful: email-ext
2026-09-25 10:29:27.437+0000 [id=85]	INFO	h.model.UpdateCenter$DownloadJob#run: Starting the installation of mailer on behalf of admin
2026-09-25 10:29:27.438+0000 [id=85]	INFO	h.m.UpdateCenter$InstallationJob#_run: Skipping duplicate install of: Mailer@534.v1b_36f5864073
2026-09-25 10:29:27.438+0000 [id=85]	INFO	h.model.UpdateCenter$DownloadJob#run: Installation successful: mailer
2026-09-25 10:29:27.438+0000 [id=85]	INFO	h.model.UpdateCenter$DownloadJob#run: Starting the installation of theme-manager on behalf of admin
2026-09-25 10:29:27.438+0000 [id=85]	INFO	h.m.UpdateCenter$UpdateCenterConfiguration#download: Downloading theme-manager
2026-09-25 10:29:31.437+0000 [id=85]	INFO	h.model.UpdateCenter$DownloadJob#run: Installation successful: theme-manager
2026-09-25 10:29:31.437+0000 [id=85]	INFO	h.model.UpdateCenter$DownloadJob#run: Starting the installation of dark-theme on behalf of admin
2026-09-25 10:29:31.437+0000 [id=85]	INFO	h.m.UpdateCenter$UpdateCenterConfiguration#download: Downloading dark-theme
2026-09-25 10:29:33.866+0000 [id=85]	INFO	h.model.UpdateCenter$DownloadJob#run: Installation successful: dark-theme
2026-09-25 10:29:33.867+0000 [id=85]	INFO	h.m.UpdateCenter$CompleteBatchJob#run: Completing installing of plugin batch…
2026-09-25 10:29:35.076+0000 [id=85]	INFO	h.p.b.g.GlobalTimeOutConfiguration#load: global timeout not set
2026-09-25 10:29:38.624+0000 [id=85]	INFO	h.m.DownloadService$Downloadable#load: Obtained the updated data file for hudson.tasks.Ant.AntInstaller
2026-09-25 10:29:41.746+0000 [id=85]	INFO	h.m.DownloadService$Downloadable#load: Obtained the updated data file for hudson.plugins.gradle.GradleInstaller
2026-09-25 10:29:42.259+0000 [id=279]	INFO	jenkins.InitReactorRunner$1#onAttained: Started initialization
2026-09-25 10:29:42.270+0000 [id=279]	INFO	jenkins.InitReactorRunner$1#onAttained: Listed all plugins
2026-09-25 10:29:42.271+0000 [id=281]	INFO	jenkins.InitReactorRunner$1#onAttained: Prepared all plugins
2026-09-25 10:29:42.286+0000 [id=279]	INFO	jenkins.InitReactorRunner$1#onAttained: Started all plugins
2026-09-25 10:29:42.287+0000 [id=280]	INFO	jenkins.InitReactorRunner$1#onAttained: Augmented all extensions
2026-09-25 10:29:42.309+0000 [id=279]	INFO	jenkins.InitReactorRunner$1#onAttained: System config loaded
2026-09-25 10:29:42.309+0000 [id=279]	INFO	jenkins.InitReactorRunner$1#onAttained: System config adapted
2026-09-25 10:29:42.309+0000 [id=279]	INFO	jenkins.InitReactorRunner$1#onAttained: Loaded all jobs
2026-09-25 10:29:42.311+0000 [id=280]	INFO	jenkins.InitReactorRunner$1#onAttained: Configuration for all jobs updated
2026-09-25 10:29:42.509+0000 [id=281]	INFO	jenkins.InitReactorRunner$1#onAttained: Completed initialization
2026-09-25 10:29:42.509+0000 [id=85]	INFO	h.m.UpdateCenter$CompleteBatchJob#run: Completed installation of 92 plugins in 5 min 47 sec
